// Jest Snapshot v1, https://goo.gl/fbAQLP

exports[`Test ToDos component should match with snapshot when status is \`failed\` 1`] = `
<div>
  <div
    class="card toDos"
  >
    <div
      class="errorMessage"
    >
      Something went wrong. Could you please contact administrator.
    </div>
  </div>
</div>
`;

exports[`Test ToDos component should match with snapshot when status is \`loading\` 1`] = `
<div>
  <div
    class="card toDos"
  >
    <p
      class="loading"
      role="loading-spinner"
    >
      <span
        style="display: inherit; position: relative; font-size: 0px; height: 50px; width: 50px;"
      >
        <span
          style="width: 0px; height: 0px; border-right: 25px solid transparent; border-top: 25px solid transparent; border-left: 25px solid #36d7b7; border-bottom: 25px solid #36d7b7; border-radius: 25px; position: absolute; animation: react-spinners-PacmanLoader-pacman-1 0.8s infinite ease-in-out; animation-fill-mode: both;"
        />
        <span
          style="width: 0px; height: 0px; border-right: 25px solid transparent; border-top: 25px solid #36d7b7; border-left: 25px solid #36d7b7; border-bottom: 25px solid transparent; border-radius: 25px; position: absolute; animation: react-spinners-PacmanLoader-pacman-2 0.8s infinite ease-in-out; animation-fill-mode: both;"
        />
        <span
          style="width: 8.333333333333334px; height: 8.333333333333334px; background-color: rgb(54, 215, 183); margin: 2px; border-radius: 100%; transform: translate(0, -6.25px); position: absolute; top: 25px; left: 100px; animation: react-spinners-PacmanLoader-ball 1s 0.5s infinite linear; animation-fill-mode: both;"
        />
        <span
          style="width: 8.333333333333334px; height: 8.333333333333334px; background-color: rgb(54, 215, 183); margin: 2px; border-radius: 100%; transform: translate(0, -6.25px); position: absolute; top: 25px; left: 100px; animation: react-spinners-PacmanLoader-ball 1s 0.75s infinite linear; animation-fill-mode: both;"
        />
        <span
          style="width: 8.333333333333334px; height: 8.333333333333334px; background-color: rgb(54, 215, 183); margin: 2px; border-radius: 100%; transform: translate(0, -6.25px); position: absolute; top: 25px; left: 100px; animation: react-spinners-PacmanLoader-ball 1s 1s infinite linear; animation-fill-mode: both;"
        />
        <span
          style="width: 8.333333333333334px; height: 8.333333333333334px; background-color: rgb(54, 215, 183); margin: 2px; border-radius: 100%; transform: translate(0, -6.25px); position: absolute; top: 25px; left: 100px; animation: react-spinners-PacmanLoader-ball 1s 1.25s infinite linear; animation-fill-mode: both;"
        />
      </span>
    </p>
  </div>
</div>
`;

exports[`Test ToDos component should match with snapshot when status is \`succeeded\` 1`] = `
<div>
  <div
    class="card toDos"
  >
    <div
      class="card toDoList"
    >
      <ul
        data-rbd-droppable-context-id="0"
        data-rbd-droppable-id="toDoList"
      >
        <li
          aria-describedby="rbd-hidden-text-0-hidden-text-0"
          data-rbd-drag-handle-context-id="0"
          data-rbd-drag-handle-draggable-id="1"
          data-rbd-draggable-context-id="0"
          data-rbd-draggable-id="1"
          draggable="false"
          role="button"
          tabindex="0"
        >
          <input
            class="isCompletedCheckBox"
            role="todo-item-checkbox"
            type="checkbox"
          />
          <div
            class="toDoText false"
            role="todo-item-text"
          >
            ToDo1
          </div>
          <button
            class="deleteButton"
            role="todo-item-delete-button"
            type="button"
          >
            Delete
          </button>
        </li>
        <li
          aria-describedby="rbd-hidden-text-0-hidden-text-0"
          data-rbd-drag-handle-context-id="0"
          data-rbd-drag-handle-draggable-id="2"
          data-rbd-draggable-context-id="0"
          data-rbd-draggable-id="2"
          draggable="false"
          role="button"
          tabindex="0"
        >
          <input
            checked=""
            class="isCompletedCheckBox"
            role="todo-item-checkbox"
            type="checkbox"
          />
          <div
            class="toDoText crossed"
            role="todo-item-text"
          >
            ToDo2
          </div>
          <button
            class="deleteButton"
            role="todo-item-delete-button"
            type="button"
          >
            Delete
          </button>
        </li>
      </ul>
    </div>
    <div
      class="footer"
    >
      <span
        role="to-do-item-amount"
      >
        2
         Item left
      </span>
      <div>
        <button
          class="filterButton"
          type="button"
        >
          All
        </button>
        <button
          class="filterButton"
          role="active-filter-button"
          type="button"
        >
          Active
        </button>
        <button
          class="filterButton"
          role="completed-filter-button"
          type="button"
        >
          Completed
        </button>
      </div>
      <button
        class="completeAllButton"
        role="clear-completed-button"
        type="button"
      >
        Clear Completed
      </button>
    </div>
  </div>
</div>
`;
